\BOOKMARK [0][-]{chapter.1}{\376\377\0001\000\040\000H\000i\000e\000r\000a\000r\000c\000h\000i\000j\000o\000s\000\040\000I\000n\000d\000e\000k\000s\000a\000s}{}% 1
\BOOKMARK [1][-]{section.1.1}{\376\377\0001\000.\0001\000\040\000K\000l\000a\000s\000i\001\163\000\040\000h\000i\000e\000r\000a\000r\000c\000h\000i\000j\000a}{chapter.1}% 2
\BOOKMARK [0][-]{chapter.2}{\376\377\0002\000\040\000K\000l\000a\000s\001\027\000s\000\040\000I\000n\000d\000e\000k\000s\000a\000s}{}% 3
\BOOKMARK [1][-]{section.2.1}{\376\377\0002\000.\0001\000\040\000K\000l\000a\000s\001\027\000s}{chapter.2}% 4
\BOOKMARK [0][-]{chapter.3}{\376\377\0003\000\040\000F\000a\000i\000l\000o\000\040\000I\000n\000d\000e\000k\000s\000a\000s}{}% 5
\BOOKMARK [1][-]{section.3.1}{\376\377\0003\000.\0001\000\040\000F\000a\000i\000l\000a\000i}{chapter.3}% 6
\BOOKMARK [0][-]{chapter.4}{\376\377\0004\000\040\000K\000l\000a\000s\001\027\000s\000\040\000D\000o\000k\000u\000m\000e\000n\000t\000a\000c\000i\000j\000a}{}% 7
\BOOKMARK [1][-]{section.4.1}{\376\377\0004\000.\0001\000\040\000d\000e\000q\000u\000e\000<\000\040\000T\000\040\000>\000:\000:\000c\000o\000n\000s\000t\000\137\000i\000t\000e\000r\000a\000t\000o\000r\000\040\000K\000l\000a\000s\001\027}{chapter.4}% 8
\BOOKMARK [2][-]{subsection.4.1.1}{\376\377\0004\000.\0001\000.\0001\000\040\000S\000m\000u\000l\000k\000u\000s\000\040\000a\000p\000r\000a\001\141\000y\000m\000a\000s}{section.4.1}% 9
\BOOKMARK [1][-]{section.4.2}{\376\377\0004\000.\0002\000\040\000l\000i\000s\000t\000<\000\040\000T\000\040\000>\000:\000:\000c\000o\000n\000s\000t\000\137\000i\000t\000e\000r\000a\000t\000o\000r\000\040\000K\000l\000a\000s\001\027}{chapter.4}% 10
\BOOKMARK [2][-]{subsection.4.2.1}{\376\377\0004\000.\0002\000.\0001\000\040\000S\000m\000u\000l\000k\000u\000s\000\040\000a\000p\000r\000a\001\141\000y\000m\000a\000s}{section.4.2}% 11
\BOOKMARK [1][-]{section.4.3}{\376\377\0004\000.\0003\000\040\000s\000t\000r\000i\000n\000g\000:\000:\000c\000o\000n\000s\000t\000\137\000i\000t\000e\000r\000a\000t\000o\000r\000\040\000K\000l\000a\000s\001\027}{chapter.4}% 12
\BOOKMARK [2][-]{subsection.4.3.1}{\376\377\0004\000.\0003\000.\0001\000\040\000S\000m\000u\000l\000k\000u\000s\000\040\000a\000p\000r\000a\001\141\000y\000m\000a\000s}{section.4.3}% 13
\BOOKMARK [1][-]{section.4.4}{\376\377\0004\000.\0004\000\040\000v\000e\000c\000t\000o\000r\000<\000\040\000T\000\040\000>\000:\000:\000c\000o\000n\000s\000t\000\137\000i\000t\000e\000r\000a\000t\000o\000r\000\040\000K\000l\000a\000s\001\027}{chapter.4}% 14
\BOOKMARK [2][-]{subsection.4.4.1}{\376\377\0004\000.\0004\000.\0001\000\040\000S\000m\000u\000l\000k\000u\000s\000\040\000a\000p\000r\000a\001\141\000y\000m\000a\000s}{section.4.4}% 15
\BOOKMARK [1][-]{section.4.5}{\376\377\0004\000.\0005\000\040\000d\000e\000q\000u\000e\000<\000\040\000T\000\040\000>\000:\000:\000c\000o\000n\000s\000t\000\137\000r\000e\000v\000e\000r\000s\000e\000\137\000i\000t\000e\000r\000a\000t\000o\000r\000\040\000K\000l\000a\000s\001\027}{chapter.4}% 16
\BOOKMARK [2][-]{subsection.4.5.1}{\376\377\0004\000.\0005\000.\0001\000\040\000S\000m\000u\000l\000k\000u\000s\000\040\000a\000p\000r\000a\001\141\000y\000m\000a\000s}{section.4.5}% 17
\BOOKMARK [1][-]{section.4.6}{\376\377\0004\000.\0006\000\040\000l\000i\000s\000t\000<\000\040\000T\000\040\000>\000:\000:\000c\000o\000n\000s\000t\000\137\000r\000e\000v\000e\000r\000s\000e\000\137\000i\000t\000e\000r\000a\000t\000o\000r\000\040\000K\000l\000a\000s\001\027}{chapter.4}% 18
\BOOKMARK [2][-]{subsection.4.6.1}{\376\377\0004\000.\0006\000.\0001\000\040\000S\000m\000u\000l\000k\000u\000s\000\040\000a\000p\000r\000a\001\141\000y\000m\000a\000s}{section.4.6}% 19
\BOOKMARK [1][-]{section.4.7}{\376\377\0004\000.\0007\000\040\000s\000t\000r\000i\000n\000g\000:\000:\000c\000o\000n\000s\000t\000\137\000r\000e\000v\000e\000r\000s\000e\000\137\000i\000t\000e\000r\000a\000t\000o\000r\000\040\000K\000l\000a\000s\001\027}{chapter.4}% 20
\BOOKMARK [2][-]{subsection.4.7.1}{\376\377\0004\000.\0007\000.\0001\000\040\000S\000m\000u\000l\000k\000u\000s\000\040\000a\000p\000r\000a\001\141\000y\000m\000a\000s}{section.4.7}% 21
\BOOKMARK [1][-]{section.4.8}{\376\377\0004\000.\0008\000\040\000v\000e\000c\000t\000o\000r\000<\000\040\000T\000\040\000>\000:\000:\000c\000o\000n\000s\000t\000\137\000r\000e\000v\000e\000r\000s\000e\000\137\000i\000t\000e\000r\000a\000t\000o\000r\000\040\000K\000l\000a\000s\001\027}{chapter.4}% 22
\BOOKMARK [2][-]{subsection.4.8.1}{\376\377\0004\000.\0008\000.\0001\000\040\000S\000m\000u\000l\000k\000u\000s\000\040\000a\000p\000r\000a\001\141\000y\000m\000a\000s}{section.4.8}% 23
\BOOKMARK [1][-]{section.4.9}{\376\377\0004\000.\0009\000\040\000d\000e\000q\000u\000e\000<\000\040\000T\000\040\000>\000\040\000K\000l\000a\000s\001\027\000\040\001\140\000a\000b\000l\000o\000n\000a\000s}{chapter.4}% 24
\BOOKMARK [2][-]{subsection.4.9.1}{\376\377\0004\000.\0009\000.\0001\000\040\000S\000m\000u\000l\000k\000u\000s\000\040\000a\000p\000r\000a\001\141\000y\000m\000a\000s}{section.4.9}% 25
\BOOKMARK [1][-]{section.4.10}{\376\377\0004\000.\0001\0000\000\040\000e\000x\000c\000e\000p\000t\000i\000o\000n\000\040\000K\000l\000a\000s\001\027}{chapter.4}% 26
\BOOKMARK [2][-]{subsection.4.10.1}{\376\377\0004\000.\0001\0000\000.\0001\000\040\000S\000m\000u\000l\000k\000u\000s\000\040\000a\000p\000r\000a\001\141\000y\000m\000a\000s}{section.4.10}% 27
\BOOKMARK [1][-]{section.4.11}{\376\377\0004\000.\0001\0001\000\040\000i\000f\000s\000t\000r\000e\000a\000m\000\040\000K\000l\000a\000s\001\027}{chapter.4}% 28
\BOOKMARK [2][-]{subsection.4.11.1}{\376\377\0004\000.\0001\0001\000.\0001\000\040\000S\000m\000u\000l\000k\000u\000s\000\040\000a\000p\000r\000a\001\141\000y\000m\000a\000s}{section.4.11}% 29
\BOOKMARK [1][-]{section.4.12}{\376\377\0004\000.\0001\0002\000\040\000i\000n\000v\000a\000l\000i\000d\000\137\000a\000r\000g\000u\000m\000e\000n\000t\000\040\000K\000l\000a\000s\001\027}{chapter.4}% 30
\BOOKMARK [2][-]{subsection.4.12.1}{\376\377\0004\000.\0001\0002\000.\0001\000\040\000S\000m\000u\000l\000k\000u\000s\000\040\000a\000p\000r\000a\001\141\000y\000m\000a\000s}{section.4.12}% 31
\BOOKMARK [1][-]{section.4.13}{\376\377\0004\000.\0001\0003\000\040\000i\000s\000t\000r\000e\000a\000m\000\040\000K\000l\000a\000s\001\027}{chapter.4}% 32
\BOOKMARK [2][-]{subsection.4.13.1}{\376\377\0004\000.\0001\0003\000.\0001\000\040\000S\000m\000u\000l\000k\000u\000s\000\040\000a\000p\000r\000a\001\141\000y\000m\000a\000s}{section.4.13}% 33
\BOOKMARK [1][-]{section.4.14}{\376\377\0004\000.\0001\0004\000\040\000d\000e\000q\000u\000e\000<\000\040\000T\000\040\000>\000:\000:\000i\000t\000e\000r\000a\000t\000o\000r\000\040\000K\000l\000a\000s\001\027}{chapter.4}% 34
\BOOKMARK [2][-]{subsection.4.14.1}{\376\377\0004\000.\0001\0004\000.\0001\000\040\000S\000m\000u\000l\000k\000u\000s\000\040\000a\000p\000r\000a\001\141\000y\000m\000a\000s}{section.4.14}% 35
\BOOKMARK [1][-]{section.4.15}{\376\377\0004\000.\0001\0005\000\040\000l\000i\000s\000t\000<\000\040\000T\000\040\000>\000:\000:\000i\000t\000e\000r\000a\000t\000o\000r\000\040\000K\000l\000a\000s\001\027}{chapter.4}% 36
\BOOKMARK [2][-]{subsection.4.15.1}{\376\377\0004\000.\0001\0005\000.\0001\000\040\000S\000m\000u\000l\000k\000u\000s\000\040\000a\000p\000r\000a\001\141\000y\000m\000a\000s}{section.4.15}% 37
\BOOKMARK [1][-]{section.4.16}{\376\377\0004\000.\0001\0006\000\040\000s\000t\000r\000i\000n\000g\000:\000:\000i\000t\000e\000r\000a\000t\000o\000r\000\040\000K\000l\000a\000s\001\027}{chapter.4}% 38
\BOOKMARK [2][-]{subsection.4.16.1}{\376\377\0004\000.\0001\0006\000.\0001\000\040\000S\000m\000u\000l\000k\000u\000s\000\040\000a\000p\000r\000a\001\141\000y\000m\000a\000s}{section.4.16}% 39
\BOOKMARK [1][-]{section.4.17}{\376\377\0004\000.\0001\0007\000\040\000v\000e\000c\000t\000o\000r\000<\000\040\000T\000\040\000>\000:\000:\000i\000t\000e\000r\000a\000t\000o\000r\000\040\000K\000l\000a\000s\001\027}{chapter.4}% 40
\BOOKMARK [2][-]{subsection.4.17.1}{\376\377\0004\000.\0001\0007\000.\0001\000\040\000S\000m\000u\000l\000k\000u\000s\000\040\000a\000p\000r\000a\001\141\000y\000m\000a\000s}{section.4.17}% 41
\BOOKMARK [1][-]{section.4.18}{\376\377\0004\000.\0001\0008\000\040\000l\000i\000s\000t\000<\000\040\000T\000\040\000>\000\040\000K\000l\000a\000s\001\027\000\040\001\140\000a\000b\000l\000o\000n\000a\000s}{chapter.4}% 42
\BOOKMARK [2][-]{subsection.4.18.1}{\376\377\0004\000.\0001\0008\000.\0001\000\040\000S\000m\000u\000l\000k\000u\000s\000\040\000a\000p\000r\000a\001\141\000y\000m\000a\000s}{section.4.18}% 43
\BOOKMARK [1][-]{section.4.19}{\376\377\0004\000.\0001\0009\000\040\000o\000f\000s\000t\000r\000e\000a\000m\000\040\000K\000l\000a\000s\001\027}{chapter.4}% 44
\BOOKMARK [2][-]{subsection.4.19.1}{\376\377\0004\000.\0001\0009\000.\0001\000\040\000S\000m\000u\000l\000k\000u\000s\000\040\000a\000p\000r\000a\001\141\000y\000m\000a\000s}{section.4.19}% 45
\BOOKMARK [1][-]{section.4.20}{\376\377\0004\000.\0002\0000\000\040\000o\000s\000t\000r\000e\000a\000m\000\040\000K\000l\000a\000s\001\027}{chapter.4}% 46
\BOOKMARK [2][-]{subsection.4.20.1}{\376\377\0004\000.\0002\0000\000.\0001\000\040\000S\000m\000u\000l\000k\000u\000s\000\040\000a\000p\000r\000a\001\141\000y\000m\000a\000s}{section.4.20}% 47
\BOOKMARK [1][-]{section.4.21}{\376\377\0004\000.\0002\0001\000\040\000d\000e\000q\000u\000e\000<\000\040\000T\000\040\000>\000:\000:\000r\000e\000v\000e\000r\000s\000e\000\137\000i\000t\000e\000r\000a\000t\000o\000r\000\040\000K\000l\000a\000s\001\027}{chapter.4}% 48
\BOOKMARK [2][-]{subsection.4.21.1}{\376\377\0004\000.\0002\0001\000.\0001\000\040\000S\000m\000u\000l\000k\000u\000s\000\040\000a\000p\000r\000a\001\141\000y\000m\000a\000s}{section.4.21}% 49
\BOOKMARK [1][-]{section.4.22}{\376\377\0004\000.\0002\0002\000\040\000l\000i\000s\000t\000<\000\040\000T\000\040\000>\000:\000:\000r\000e\000v\000e\000r\000s\000e\000\137\000i\000t\000e\000r\000a\000t\000o\000r\000\040\000K\000l\000a\000s\001\027}{chapter.4}% 50
\BOOKMARK [2][-]{subsection.4.22.1}{\376\377\0004\000.\0002\0002\000.\0001\000\040\000S\000m\000u\000l\000k\000u\000s\000\040\000a\000p\000r\000a\001\141\000y\000m\000a\000s}{section.4.22}% 51
\BOOKMARK [1][-]{section.4.23}{\376\377\0004\000.\0002\0003\000\040\000s\000t\000r\000i\000n\000g\000:\000:\000r\000e\000v\000e\000r\000s\000e\000\137\000i\000t\000e\000r\000a\000t\000o\000r\000\040\000K\000l\000a\000s\001\027}{chapter.4}% 52
\BOOKMARK [2][-]{subsection.4.23.1}{\376\377\0004\000.\0002\0003\000.\0001\000\040\000S\000m\000u\000l\000k\000u\000s\000\040\000a\000p\000r\000a\001\141\000y\000m\000a\000s}{section.4.23}% 53
\BOOKMARK [1][-]{section.4.24}{\376\377\0004\000.\0002\0004\000\040\000v\000e\000c\000t\000o\000r\000<\000\040\000T\000\040\000>\000:\000:\000r\000e\000v\000e\000r\000s\000e\000\137\000i\000t\000e\000r\000a\000t\000o\000r\000\040\000K\000l\000a\000s\001\027}{chapter.4}% 54
\BOOKMARK [2][-]{subsection.4.24.1}{\376\377\0004\000.\0002\0004\000.\0001\000\040\000S\000m\000u\000l\000k\000u\000s\000\040\000a\000p\000r\000a\001\141\000y\000m\000a\000s}{section.4.24}% 55
\BOOKMARK [1][-]{section.4.25}{\376\377\0004\000.\0002\0005\000\040\000r\000u\000n\000t\000i\000m\000e\000\137\000e\000r\000r\000o\000r\000\040\000K\000l\000a\000s\001\027}{chapter.4}% 56
\BOOKMARK [2][-]{subsection.4.25.1}{\376\377\0004\000.\0002\0005\000.\0001\000\040\000S\000m\000u\000l\000k\000u\000s\000\040\000a\000p\000r\000a\001\141\000y\000m\000a\000s}{section.4.25}% 57
\BOOKMARK [1][-]{section.4.26}{\376\377\0004\000.\0002\0006\000\040\000s\000t\000r\000i\000n\000g\000\040\000K\000l\000a\000s\001\027}{chapter.4}% 58
\BOOKMARK [2][-]{subsection.4.26.1}{\376\377\0004\000.\0002\0006\000.\0001\000\040\000S\000m\000u\000l\000k\000u\000s\000\040\000a\000p\000r\000a\001\141\000y\000m\000a\000s}{section.4.26}% 59
\BOOKMARK [1][-]{section.4.27}{\376\377\0004\000.\0002\0007\000\040\000s\000t\000r\000i\000n\000g\000s\000t\000r\000e\000a\000m\000\040\000K\000l\000a\000s\001\027}{chapter.4}% 60
\BOOKMARK [2][-]{subsection.4.27.1}{\376\377\0004\000.\0002\0007\000.\0001\000\040\000S\000m\000u\000l\000k\000u\000s\000\040\000a\000p\000r\000a\001\141\000y\000m\000a\000s}{section.4.27}% 61
\BOOKMARK [1][-]{section.4.28}{\376\377\0004\000.\0002\0008\000\040\000S\000t\000u\000d\000e\000n\000t\000a\000s\000\040\000K\000l\000a\000s\001\027}{chapter.4}% 62
\BOOKMARK [2][-]{subsection.4.28.1}{\376\377\0004\000.\0002\0008\000.\0001\000\040\000S\000m\000u\000l\000k\000u\000s\000\040\000a\000p\000r\000a\001\141\000y\000m\000a\000s}{section.4.28}% 63
\BOOKMARK [2][-]{subsection.4.28.2}{\376\377\0004\000.\0002\0008\000.\0002\000\040\000K\000o\000n\000s\000t\000r\000u\000k\000t\000o\000r\000i\000a\000u\000s\000\040\000i\000r\000\040\000D\000e\000s\000t\000r\000u\000k\000t\000o\000r\000i\000a\000u\000s\000\040\000D\000o\000k\000u\000m\000e\000n\000t\000a\000c\000i\000j\000a}{section.4.28}% 64
\BOOKMARK [3][-]{subsubsection.4.28.2.1}{\376\377\0004\000.\0002\0008\000.\0002\000.\0001\000\040\000S\000t\000u\000d\000e\000n\000t\000a\000s\000\050\000\051\000\040\000[\0001\000/\0005\000]}{subsection.4.28.2}% 65
\BOOKMARK [3][-]{subsubsection.4.28.2.2}{\376\377\0004\000.\0002\0008\000.\0002\000.\0002\000\040\000S\000t\000u\000d\000e\000n\000t\000a\000s\000\050\000\051\000\040\000[\0002\000/\0005\000]}{subsection.4.28.2}% 66
\BOOKMARK [3][-]{subsubsection.4.28.2.3}{\376\377\0004\000.\0002\0008\000.\0002\000.\0003\000\040\000S\000t\000u\000d\000e\000n\000t\000a\000s\000\050\000\051\000\040\000[\0003\000/\0005\000]}{subsection.4.28.2}% 67
\BOOKMARK [3][-]{subsubsection.4.28.2.4}{\376\377\0004\000.\0002\0008\000.\0002\000.\0004\000\040\000~\000S\000t\000u\000d\000e\000n\000t\000a\000s\000\050\000\051}{subsection.4.28.2}% 68
\BOOKMARK [3][-]{subsubsection.4.28.2.5}{\376\377\0004\000.\0002\0008\000.\0002\000.\0005\000\040\000S\000t\000u\000d\000e\000n\000t\000a\000s\000\050\000\051\000\040\000[\0004\000/\0005\000]}{subsection.4.28.2}% 69
\BOOKMARK [3][-]{subsubsection.4.28.2.6}{\376\377\0004\000.\0002\0008\000.\0002\000.\0006\000\040\000S\000t\000u\000d\000e\000n\000t\000a\000s\000\050\000\051\000\040\000[\0005\000/\0005\000]}{subsection.4.28.2}% 70
\BOOKMARK [2][-]{subsection.4.28.3}{\376\377\0004\000.\0002\0008\000.\0003\000\040\000M\000e\000t\000o\000d\001\163\000\040\000D\000o\000k\000u\000m\000e\000n\000t\000a\000c\000i\000j\000a}{section.4.28}% 71
\BOOKMARK [3][-]{subsubsection.4.28.3.1}{\376\377\0004\000.\0002\0008\000.\0003\000.\0001\000\040\000a\000d\000d\000P\000a\000z\000\050\000\051}{subsection.4.28.3}% 72
\BOOKMARK [3][-]{subsubsection.4.28.3.2}{\376\377\0004\000.\0002\0008\000.\0003\000.\0002\000\040\000c\000l\000e\000a\000r\000P\000a\000z\000\050\000\051}{subsection.4.28.3}% 73
\BOOKMARK [3][-]{subsubsection.4.28.3.3}{\376\377\0004\000.\0002\0008\000.\0003\000.\0003\000\040\000g\000e\000t\000E\000g\000z\000\050\000\051}{subsection.4.28.3}% 74
\BOOKMARK [3][-]{subsubsection.4.28.3.4}{\376\377\0004\000.\0002\0008\000.\0003\000.\0004\000\040\000g\000e\000t\000I\000n\000f\000o\000\050\000\051}{subsection.4.28.3}% 75
\BOOKMARK [3][-]{subsubsection.4.28.3.5}{\376\377\0004\000.\0002\0008\000.\0003\000.\0005\000\040\000g\000e\000t\000M\000e\000d\000\050\000\051}{subsection.4.28.3}% 76
\BOOKMARK [3][-]{subsubsection.4.28.3.6}{\376\377\0004\000.\0002\0008\000.\0003\000.\0006\000\040\000g\000e\000t\000P\000a\000z\000\050\000\051\000\040\000[\0001\000/\0002\000]}{subsection.4.28.3}% 77
\BOOKMARK [3][-]{subsubsection.4.28.3.7}{\376\377\0004\000.\0002\0008\000.\0003\000.\0007\000\040\000g\000e\000t\000P\000a\000z\000\050\000\051\000\040\000[\0002\000/\0002\000]}{subsection.4.28.3}% 78
\BOOKMARK [3][-]{subsubsection.4.28.3.8}{\376\377\0004\000.\0002\0008\000.\0003\000.\0008\000\040\000g\000e\000t\000R\000e\000z\000\050\000\051}{subsection.4.28.3}% 79
\BOOKMARK [3][-]{subsubsection.4.28.3.9}{\376\377\0004\000.\0002\0008\000.\0003\000.\0009\000\040\000i\000s\000P\000a\000z\000E\000m\000p\000t\000y\000\050\000\051}{subsection.4.28.3}% 80
\BOOKMARK [3][-]{subsubsection.4.28.3.10}{\376\377\0004\000.\0002\0008\000.\0003\000.\0001\0000\000\040\000o\000p\000e\000r\000a\000t\000o\000r\000=\000\050\000\051\000\040\000[\0001\000/\0002\000]}{subsection.4.28.3}% 81
\BOOKMARK [3][-]{subsubsection.4.28.3.11}{\376\377\0004\000.\0002\0008\000.\0003\000.\0001\0001\000\040\000o\000p\000e\000r\000a\000t\000o\000r\000=\000\050\000\051\000\040\000[\0002\000/\0002\000]}{subsection.4.28.3}% 82
\BOOKMARK [3][-]{subsubsection.4.28.3.12}{\376\377\0004\000.\0002\0008\000.\0003\000.\0001\0002\000\040\000r\000e\000a\000d\000S\000t\000u\000d\000e\000n\000t\000\050\000\051}{subsection.4.28.3}% 83
\BOOKMARK [3][-]{subsubsection.4.28.3.13}{\376\377\0004\000.\0002\0008\000.\0003\000.\0001\0003\000\040\000r\000e\000s\000e\000r\000v\000e\000P\000a\000z\000\050\000\051}{subsection.4.28.3}% 84
\BOOKMARK [3][-]{subsubsection.4.28.3.14}{\376\377\0004\000.\0002\0008\000.\0003\000.\0001\0004\000\040\000s\000e\000t\000E\000g\000z\000\050\000\051}{subsection.4.28.3}% 85
\BOOKMARK [3][-]{subsubsection.4.28.3.15}{\376\377\0004\000.\0002\0008\000.\0003\000.\0001\0005\000\040\000s\000e\000t\000M\000e\000d\000\050\000\051}{subsection.4.28.3}% 86
\BOOKMARK [3][-]{subsubsection.4.28.3.16}{\376\377\0004\000.\0002\0008\000.\0003\000.\0001\0006\000\040\000s\000e\000t\000P\000a\000z\000\050\000\051}{subsection.4.28.3}% 87
\BOOKMARK [3][-]{subsubsection.4.28.3.17}{\376\377\0004\000.\0002\0008\000.\0003\000.\0001\0007\000\040\000s\000e\000t\000R\000e\000z\000\050\000\051}{subsection.4.28.3}% 88
\BOOKMARK [2][-]{subsection.4.28.4}{\376\377\0004\000.\0002\0008\000.\0004\000\040\000D\000r\000a\000u\000g\000i\001\141\000k\001\163\000\040\000I\000r\000\040\000S\000u\000s\000i\000j\000u\000s\000i\001\163\000\040\000F\000u\000n\000k\000c\000i\000j\001\163\000\040\000D\000o\000k\000u\000m\000e\000n\000t\000a\000c\000i\000j\000a}{section.4.28}% 89
\BOOKMARK [3][-]{subsubsection.4.28.4.1}{\376\377\0004\000.\0002\0008\000.\0004\000.\0001\000\040\000o\000p\000e\000r\000a\000t\000o\000r\000<\000<}{subsection.4.28.4}% 90
\BOOKMARK [3][-]{subsubsection.4.28.4.2}{\376\377\0004\000.\0002\0008\000.\0004\000.\0002\000\040\000o\000p\000e\000r\000a\000t\000o\000r\000>\000>}{subsection.4.28.4}% 91
\BOOKMARK [1][-]{section.4.29}{\376\377\0004\000.\0002\0009\000\040\000v\000e\000c\000t\000o\000r\000<\000\040\000T\000\040\000>\000\040\000K\000l\000a\000s\001\027\000\040\001\140\000a\000b\000l\000o\000n\000a\000s}{chapter.4}% 92
\BOOKMARK [2][-]{subsection.4.29.1}{\376\377\0004\000.\0002\0009\000.\0001\000\040\000S\000m\000u\000l\000k\000u\000s\000\040\000a\000p\000r\000a\001\141\000y\000m\000a\000s}{section.4.29}% 93
\BOOKMARK [1][-]{section.4.30}{\376\377\0004\000.\0003\0000\000\040\000Z\000m\000o\000g\000u\000s\000\040\000K\000l\000a\000s\001\027}{chapter.4}% 94
\BOOKMARK [2][-]{subsection.4.30.1}{\376\377\0004\000.\0003\0000\000.\0001\000\040\000S\000m\000u\000l\000k\000u\000s\000\040\000a\000p\000r\000a\001\141\000y\000m\000a\000s}{section.4.30}% 95
\BOOKMARK [2][-]{subsection.4.30.2}{\376\377\0004\000.\0003\0000\000.\0002\000\040\000K\000o\000n\000s\000t\000r\000u\000k\000t\000o\000r\000i\000a\000u\000s\000\040\000i\000r\000\040\000D\000e\000s\000t\000r\000u\000k\000t\000o\000r\000i\000a\000u\000s\000\040\000D\000o\000k\000u\000m\000e\000n\000t\000a\000c\000i\000j\000a}{section.4.30}% 96
\BOOKMARK [3][-]{subsubsection.4.30.2.1}{\376\377\0004\000.\0003\0000\000.\0002\000.\0001\000\040\000Z\000m\000o\000g\000u\000s\000\050\000\051\000\040\000[\0001\000/\0002\000]}{subsection.4.30.2}% 97
\BOOKMARK [3][-]{subsubsection.4.30.2.2}{\376\377\0004\000.\0003\0000\000.\0002\000.\0002\000\040\000Z\000m\000o\000g\000u\000s\000\050\000\051\000\040\000[\0002\000/\0002\000]}{subsection.4.30.2}% 98
\BOOKMARK [3][-]{subsubsection.4.30.2.3}{\376\377\0004\000.\0003\0000\000.\0002\000.\0003\000\040\000~\000Z\000m\000o\000g\000u\000s\000\050\000\051}{subsection.4.30.2}% 99
\BOOKMARK [2][-]{subsection.4.30.3}{\376\377\0004\000.\0003\0000\000.\0003\000\040\000M\000e\000t\000o\000d\001\163\000\040\000D\000o\000k\000u\000m\000e\000n\000t\000a\000c\000i\000j\000a}{section.4.30}% 100
\BOOKMARK [3][-]{subsubsection.4.30.3.1}{\376\377\0004\000.\0003\0000\000.\0003\000.\0001\000\040\000g\000e\000t\000I\000n\000f\000o\000\050\000\051}{subsection.4.30.3}% 101
\BOOKMARK [3][-]{subsubsection.4.30.3.2}{\376\377\0004\000.\0003\0000\000.\0003\000.\0002\000\040\000g\000e\000t\000P\000a\000v\000a\000r\000d\000e\000\050\000\051}{subsection.4.30.3}% 102
\BOOKMARK [3][-]{subsubsection.4.30.3.3}{\376\377\0004\000.\0003\0000\000.\0003\000.\0003\000\040\000g\000e\000t\000V\000a\000r\000d\000a\000s\000\050\000\051}{subsection.4.30.3}% 103
\BOOKMARK [3][-]{subsubsection.4.30.3.4}{\376\377\0004\000.\0003\0000\000.\0003\000.\0004\000\040\000s\000e\000t\000P\000a\000v\000a\000r\000d\000e\000\050\000\051}{subsection.4.30.3}% 104
\BOOKMARK [3][-]{subsubsection.4.30.3.5}{\376\377\0004\000.\0003\0000\000.\0003\000.\0005\000\040\000s\000e\000t\000V\000a\000r\000d\000a\000s\000\050\000\051}{subsection.4.30.3}% 105
\BOOKMARK [2][-]{subsection.4.30.4}{\376\377\0004\000.\0003\0000\000.\0004\000\040\000D\000r\000a\000u\000g\000i\001\141\000k\001\163\000\040\000I\000r\000\040\000S\000u\000s\000i\000j\000u\000s\000i\001\163\000\040\000F\000u\000n\000k\000c\000i\000j\001\163\000\040\000D\000o\000k\000u\000m\000e\000n\000t\000a\000c\000i\000j\000a}{section.4.30}% 106
\BOOKMARK [3][-]{subsubsection.4.30.4.1}{\376\377\0004\000.\0003\0000\000.\0004\000.\0001\000\040\000o\000p\000e\000r\000a\000t\000o\000r\000<\000<}{subsection.4.30.4}% 107
\BOOKMARK [2][-]{subsection.4.30.5}{\376\377\0004\000.\0003\0000\000.\0005\000\040\000A\000t\000r\000i\000b\000u\000t\001\163\000\040\000D\000o\000k\000u\000m\000e\000n\000t\000a\000c\000i\000j\000a}{section.4.30}% 108
\BOOKMARK [3][-]{subsubsection.4.30.5.1}{\376\377\0004\000.\0003\0000\000.\0005\000.\0001\000\040\000p\000a\000v\000a\000r\000d\000e\000\137}{subsection.4.30.5}% 109
\BOOKMARK [3][-]{subsubsection.4.30.5.2}{\376\377\0004\000.\0003\0000\000.\0005\000.\0002\000\040\000v\000a\000r\000d\000a\000s\000\137}{subsection.4.30.5}% 110
\BOOKMARK [0][-]{chapter.5}{\376\377\0005\000\040\000F\000a\000i\000l\000o\000\040\000D\000o\000k\000u\000m\000e\000n\000t\000a\000c\000i\000j\000a}{}% 111
\BOOKMARK [1][-]{section.5.1}{\376\377\0005\000.\0001\000\040\000d\000u\000o\000m\000e\000n\000u\000\137\000v\000a\000l\000d\000y\000m\000a\000s\000.\000c\000p\000p}{chapter.5}% 112
\BOOKMARK [1][-]{section.5.2}{\376\377\0005\000.\0002\000\040\000i\000n\000p\000u\000t\000.\000c\000p\000p}{chapter.5}% 113
\BOOKMARK [1][-]{section.5.3}{\376\377\0005\000.\0003\000\040\000m\000a\000t\000\137\000f\000u\000n\000k\000c\000i\000j\000o\000s\000.\000c\000p\000p}{chapter.5}% 114
\BOOKMARK [1][-]{section.5.4}{\376\377\0005\000.\0004\000\040\000m\000e\000n\000u\000.\000c\000p\000p}{chapter.5}% 115
\BOOKMARK [1][-]{section.5.5}{\376\377\0005\000.\0005\000\040\000o\000u\000t\000p\000u\000t\000.\000c\000p\000p}{chapter.5}% 116
\BOOKMARK [1][-]{section.5.6}{\376\377\0005\000.\0006\000\040\000S\000t\000u\000d\000e\000n\000t\000a\000s\000.\000c\000p\000p}{chapter.5}% 117
\BOOKMARK [1][-]{section.5.7}{\376\377\0005\000.\0007\000\040\000t\000e\000s\000t\000a\000v\000i\000m\000a\000s\000.\000c\000p\000p}{chapter.5}% 118
\BOOKMARK [1][-]{section.5.8}{\376\377\0005\000.\0008\000\040\000Z\000m\000o\000g\000u\000s\000.\000c\000p\000p}{chapter.5}% 119
\BOOKMARK [1][-]{section.5.9}{\376\377\0005\000.\0009\000\040\000d\000u\000o\000m\000e\000n\000u\000\137\000v\000a\000l\000d\000y\000m\000a\000s\000.\000h}{chapter.5}% 120
\BOOKMARK [1][-]{section.5.10}{\376\377\0005\000.\0001\0000\000\040\000i\000n\000p\000u\000t\000.\000h}{chapter.5}% 121
\BOOKMARK [1][-]{section.5.11}{\376\377\0005\000.\0001\0001\000\040\000M\000a\000t\000\137\000f\000u\000n\000k\000c\000i\000j\000o\000s\000.\000h}{chapter.5}% 122
\BOOKMARK [1][-]{section.5.12}{\376\377\0005\000.\0001\0002\000\040\000m\000e\000n\000u\000.\000h}{chapter.5}% 123
\BOOKMARK [1][-]{section.5.13}{\376\377\0005\000.\0001\0003\000\040\000o\000u\000t\000p\000u\000t\000.\000h}{chapter.5}% 124
\BOOKMARK [1][-]{section.5.14}{\376\377\0005\000.\0001\0004\000\040\000S\000t\000u\000d\000e\000n\000t\000a\000s\000.\000h}{chapter.5}% 125
\BOOKMARK [1][-]{section.5.15}{\376\377\0005\000.\0001\0005\000\040\000t\000e\000s\000t\000a\000v\000i\000m\000a\000s\000.\000h}{chapter.5}% 126
\BOOKMARK [1][-]{section.5.16}{\376\377\0005\000.\0001\0006\000\040\000Z\000m\000o\000g\000u\000s\000.\000h}{chapter.5}% 127
\BOOKMARK [1][-]{section.5.17}{\376\377\0005\000.\0001\0007\000\040\000o\000b\000j\000e\000k\000t\0001\000u\000z\000d\000.\000c\000p\000p}{chapter.5}% 128
\BOOKMARK [1][-]{section.5.18}{\376\377\0005\000.\0001\0008\000\040\000t\000e\000s\000t\000\137\000s\000t\000u\000d\000e\000n\000t\000a\000s\000.\000c\000p\000p}{chapter.5}% 129
\BOOKMARK [0][-]{section*.19}{\376\377\000R\000o\000d\000y\000k\000l\001\027}{}% 130
